[INFO] Error stacktraces are turned on.
[INFO] Scanning for projects...
[INFO] 
[INFO] ------------------< com.blockflow:blockflow-backend >-------------------
[INFO] Building blockflow-backend 0.0.1-SNAPSHOT
[INFO]   from pom.xml
[INFO] --------------------------------[ jar ]---------------------------------
[INFO] 
[INFO] --- clean:3.3.2:clean (default-clean) @ blockflow-backend ---
[INFO] Deleting C:\Users\shubh\.gemini\antigravity\playground\harmonic-expanse\blockflow-backend\target
[INFO] 
[INFO] --- resources:3.3.1:resources (default-resources) @ blockflow-backend ---
[INFO] Copying 1 resource from src\main\resources to target\classes
[INFO] Copying 0 resource from src\main\resources to target\classes
[INFO] 
[INFO] --- compiler:3.11.0:compile (default-compile) @ blockflow-backend ---
[INFO] Changes detected - recompiling the module! :source
[INFO] Compiling 27 source files with javac [debug release 17] to target\classes
[INFO] ------------------------------------------------------------------------
[INFO] BUILD SUCCESS
[INFO] ------------------------------------------------------------------------
[INFO] Total time:  12.562 s
[INFO] Finished at: 2025-12-01T11:18:31+05:30
[INFO] ------------------------------------------------------------------------
